Início: Fri Jul 26 17:40:41 UTC 2024
ERROR: unrecognized arguments: -F
usage: dvc remote add [-h] [--global | --system | --local] [-q | -v] [-d] [-f]
                      name url

Add a new data remote.
Documentation: <https://man.dvc.org/remote/add>

positional arguments:
  name           Name of the remote
  url            Remote location. See full list of supported URLs at
                 <https://man.dvc.org/remote>

optional arguments:
  -h, --help     show this help message and exit
  --global       Use global config.
  --system       Use system config.
  --local        Use local config.
  -q, --quiet    Be quiet.
  -v, --verbose  Be verbose.
  -d, --default  Set as default remote.
  -f, --force    Force overwriting existing configs
Setting 'myremote' as a default remote.
Stage is cached, skipping
Stage is cached, skipping
Stage is cached, skipping
Stage is cached, skipping
Stage is cached, skipping
Stage is cached, skipping
Stage is cached, skipping
Stage is cached, skipping
ERROR: unexpected error - disk I/O error

Having any troubles? Hit us up at https://dvc.org/support, we are always happy to help!

real	3m9.020s
user	1m11.411s
sys	0m8.238s
ERROR: cannot perform the command because another DVC process seems to be running on this project. If that is not the case, manually remove `.dvc/tmp/lock` and try again.

real	0m4.227s
user	0m0.646s
sys	0m0.109s
ERROR: cannot perform the command because another DVC process seems to be running on this project. If that is not the case, manually remove `.dvc/tmp/lock` and try again.

real	0m4.064s
user	0m0.606s
sys	0m0.122s
ERROR: cannot perform the command because another DVC process seems to be running on this project. If that is not the case, manually remove `.dvc/tmp/lock` and try again.

real	0m4.123s
user	0m0.627s
sys	0m0.135s
ERROR: cannot perform the command because another DVC process seems to be running on this project. If that is not the case, manually remove `.dvc/tmp/lock` and try again.

real	0m4.081s
user	0m0.615s
sys	0m0.132s
ERROR: cannot perform the command because another DVC process seems to be running on this project. If that is not the case, manually remove `.dvc/tmp/lock` and try again.

real	0m4.301s
user	0m0.662s
sys	0m0.133s
ERROR: cannot perform the command because another DVC process seems to be running on this project. If that is not the case, manually remove `.dvc/tmp/lock` and try again.

real	0m4.182s
user	0m0.662s
sys	0m0.129s
ERROR: cannot perform the command because another DVC process seems to be running on this project. If that is not the case, manually remove `.dvc/tmp/lock` and try again.

real	0m4.244s
user	0m0.650s
sys	0m0.128s
ERROR: cannot perform the command because another DVC process seems to be running on this project. If that is not the case, manually remove `.dvc/tmp/lock` and try again.

real	0m4.105s
user	0m0.581s
sys	0m0.161s
ERROR: cannot perform the command because another DVC process seems to be running on this project. If that is not the case, manually remove `.dvc/tmp/lock` and try again.

real	0m4.225s
user	0m0.620s
sys	0m0.159s
ERROR: cannot perform the command because another DVC process seems to be running on this project. If that is not the case, manually remove `.dvc/tmp/lock` and try again.

real	0m4.133s
user	0m0.647s
sys	0m0.123s
ERROR: cannot perform the command because another DVC process seems to be running on this project. If that is not the case, manually remove `.dvc/tmp/lock` and try again.

real	0m4.115s
user	0m0.600s
sys	0m0.171s
ERROR: cannot perform the command because another DVC process seems to be running on this project. If that is not the case, manually remove `.dvc/tmp/lock` and try again.

real	0m4.286s
user	0m0.667s
sys	0m0.129s
ERROR: cannot perform the command because another DVC process seems to be running on this project. If that is not the case, manually remove `.dvc/tmp/lock` and try again.

real	0m4.182s
user	0m0.628s
sys	0m0.150s
ERROR: cannot perform the command because another DVC process seems to be running on this project. If that is not the case, manually remove `.dvc/tmp/lock` and try again.

real	0m4.144s
user	0m0.645s
sys	0m0.128s
ERROR: cannot perform the command because another DVC process seems to be running on this project. If that is not the case, manually remove `.dvc/tmp/lock` and try again.

real	0m4.061s
user	0m0.625s
sys	0m0.130s
ERROR: cannot perform the command because another DVC process seems to be running on this project. If that is not the case, manually remove `.dvc/tmp/lock` and try again.

real	0m4.267s
user	0m0.628s
sys	0m0.153s
ERROR: cannot perform the command because another DVC process seems to be running on this project. If that is not the case, manually remove `.dvc/tmp/lock` and try again.

real	0m4.242s
user	0m0.635s
sys	0m0.143s
ERROR: cannot perform the command because another DVC process seems to be running on this project. If that is not the case, manually remove `.dvc/tmp/lock` and try again.

real	0m4.229s
user	0m0.636s
sys	0m0.123s
ERROR: cannot perform the command because another DVC process seems to be running on this project. If that is not the case, manually remove `.dvc/tmp/lock` and try again.

real	0m4.106s
user	0m0.623s
sys	0m0.117s
ERROR: cannot perform the command because another DVC process seems to be running on this project. If that is not the case, manually remove `.dvc/tmp/lock` and try again.

real	0m4.206s
user	0m0.621s
sys	0m0.149s
ERROR: cannot perform the command because another DVC process seems to be running on this project. If that is not the case, manually remove `.dvc/tmp/lock` and try again.

real	0m4.186s
user	0m0.585s
sys	0m0.166s
ERROR: cannot perform the command because another DVC process seems to be running on this project. If that is not the case, manually remove `.dvc/tmp/lock` and try again.

real	0m4.191s
user	0m0.666s
sys	0m0.102s
ERROR: cannot perform the command because another DVC process seems to be running on this project. If that is not the case, manually remove `.dvc/tmp/lock` and try again.

real	0m4.230s
user	0m0.671s
sys	0m0.112s
ERROR: cannot perform the command because another DVC process seems to be running on this project. If that is not the case, manually remove `.dvc/tmp/lock` and try again.

real	0m4.195s
user	0m0.652s
sys	0m0.120s
ERROR: cannot perform the command because another DVC process seems to be running on this project. If that is not the case, manually remove `.dvc/tmp/lock` and try again.

real	0m4.432s
user	0m0.654s
sys	0m0.155s
ERROR: cannot perform the command because another DVC process seems to be running on this project. If that is not the case, manually remove `.dvc/tmp/lock` and try again.

real	0m4.276s
user	0m0.650s
sys	0m0.114s
ERROR: cannot perform the command because another DVC process seems to be running on this project. If that is not the case, manually remove `.dvc/tmp/lock` and try again.

real	0m4.363s
user	0m0.634s
sys	0m0.135s
ERROR: cannot perform the command because another DVC process seems to be running on this project. If that is not the case, manually remove `.dvc/tmp/lock` and try again.

real	0m4.291s
user	0m0.664s
sys	0m0.124s
ERROR: cannot perform the command because another DVC process seems to be running on this project. If that is not the case, manually remove `.dvc/tmp/lock` and try again.

real	0m4.057s
user	0m0.579s
sys	0m0.162s
ERROR: cannot perform the command because another DVC process seems to be running on this project. If that is not the case, manually remove `.dvc/tmp/lock` and try again.

real	0m4.236s
user	0m0.628s
sys	0m0.141s
ERROR: cannot perform the command because another DVC process seems to be running on this project. If that is not the case, manually remove `.dvc/tmp/lock` and try again.

real	0m4.277s
user	0m0.676s
sys	0m0.122s
ERROR: cannot perform the command because another DVC process seems to be running on this project. If that is not the case, manually remove `.dvc/tmp/lock` and try again.

real	0m4.046s
user	0m0.619s
sys	0m0.136s
ERROR: cannot perform the command because another DVC process seems to be running on this project. If that is not the case, manually remove `.dvc/tmp/lock` and try again.

real	0m4.215s
user	0m0.640s
sys	0m0.136s
ERROR: cannot perform the command because another DVC process seems to be running on this project. If that is not the case, manually remove `.dvc/tmp/lock` and try again.

real	0m4.151s
user	0m0.614s
sys	0m0.141s
ERROR: cannot perform the command because another DVC process seems to be running on this project. If that is not the case, manually remove `.dvc/tmp/lock` and try again.

real	0m4.714s
user	0m1.214s
sys	0m0.178s
ERROR: failed to push data to the cloud - cannot perform the command because another DVC process seems to be running on this project. If that is not the case, manually remove `.dvc/tmp/lock` and try again.

real	0m4.311s
user	0m0.658s
sys	0m0.148s
